Archive member included to satisfy reference by file (symbol)

c:/st/stm32cubeide_1.7.0/stm32cubeide/plugins/com.st.stm32cube.ide.mcu.externaltools.gnu-tools-for-stm32.10.3-2021.10.win32_1.0.0.202111181127/tools/bin/../lib/gcc/arm-none-eabi/10.3.1/../../../../arm-none-eabi/lib/thumb/v7-m/nofp\libc_nano.a(lib_a-errno.o)
                              ./Core/Src/syscalls.o (__errno)
c:/st/stm32cubeide_1.7.0/stm32cubeide/plugins/com.st.stm32cube.ide.mcu.externaltools.gnu-tools-for-stm32.10.3-2021.10.win32_1.0.0.202111181127/tools/bin/../lib/gcc/arm-none-eabi/10.3.1/../../../../arm-none-eabi/lib/thumb/v7-m/nofp\libc_nano.a(lib_a-exit.o)
                              c:/st/stm32cubeide_1.7.0/stm32cubeide/plugins/com.st.stm32cube.ide.mcu.externaltools.gnu-tools-for-stm32.10.3-2021.10.win32_1.0.0.202111181127/tools/bin/../lib/gcc/arm-none-eabi/10.3.1/../../../../arm-none-eabi/lib/thumb/v7-m/nofp/crt0.o (exit)
c:/st/stm32cubeide_1.7.0/stm32cubeide/plugins/com.st.stm32cube.ide.mcu.externaltools.gnu-tools-for-stm32.10.3-2021.10.win32_1.0.0.202111181127/tools/bin/../lib/gcc/arm-none-eabi/10.3.1/../../../../arm-none-eabi/lib/thumb/v7-m/nofp\libc_nano.a(lib_a-impure.o)
                              c:/st/stm32cubeide_1.7.0/stm32cubeide/plugins/com.st.stm32cube.ide.mcu.externaltools.gnu-tools-for-stm32.10.3-2021.10.win32_1.0.0.202111181127/tools/bin/../lib/gcc/arm-none-eabi/10.3.1/../../../../arm-none-eabi/lib/thumb/v7-m/nofp\libc_nano.a(lib_a-exit.o) (_global_impure_ptr)
c:/st/stm32cubeide_1.7.0/stm32cubeide/plugins/com.st.stm32cube.ide.mcu.externaltools.gnu-tools-for-stm32.10.3-2021.10.win32_1.0.0.202111181127/tools/bin/../lib/gcc/arm-none-eabi/10.3.1/../../../../arm-none-eabi/lib/thumb/v7-m/nofp\libc_nano.a(lib_a-init.o)
                              c:/st/stm32cubeide_1.7.0/stm32cubeide/plugins/com.st.stm32cube.ide.mcu.externaltools.gnu-tools-for-stm32.10.3-2021.10.win32_1.0.0.202111181127/tools/bin/../lib/gcc/arm-none-eabi/10.3.1/../../../../arm-none-eabi/lib/thumb/v7-m/nofp/crt0.o (__libc_init_array)
c:/st/stm32cubeide_1.7.0/stm32cubeide/plugins/com.st.stm32cube.ide.mcu.externaltools.gnu-tools-for-stm32.10.3-2021.10.win32_1.0.0.202111181127/tools/bin/../lib/gcc/arm-none-eabi/10.3.1/../../../../arm-none-eabi/lib/thumb/v7-m/nofp\libc_nano.a(lib_a-memset.o)
                              c:/st/stm32cubeide_1.7.0/stm32cubeide/plugins/com.st.stm32cube.ide.mcu.externaltools.gnu-tools-for-stm32.10.3-2021.10.win32_1.0.0.202111181127/tools/bin/../lib/gcc/arm-none-eabi/10.3.1/../../../../arm-none-eabi/lib/thumb/v7-m/nofp/crt0.o (memset)

Discarded input sections

 .text          0x0000000000000000        0x0 c:/st/stm32cubeide_1.7.0/stm32cubeide/plugins/com.st.stm32cube.ide.mcu.externaltools.gnu-tools-for-stm32.10.3-2021.10.win32_1.0.0.202111181127/tools/bin/../lib/gcc/arm-none-eabi/10.3.1/thumb/v7-m/nofp/crti.o
 .data          0x0000000000000000        0x0 c:/st/stm32cubeide_1.7.0/stm32cubeide/plugins/com.st.stm32cube.ide.mcu.externaltools.gnu-tools-for-stm32.10.3-2021.10.win32_1.0.0.202111181127/tools/bin/../lib/gcc/arm-none-eabi/10.3.1/thumb/v7-m/nofp/crti.o
 .bss           0x0000000000000000        0x0 c:/st/stm32cubeide_1.7.0/stm32cubeide/plugins/com.st.stm32cube.ide.mcu.externaltools.gnu-tools-for-stm32.10.3-2021.10.win32_1.0.0.202111181127/tools/bin/../lib/gcc/arm-none-eabi/10.3.1/thumb/v7-m/nofp/crti.o
 .data          0x0000000000000000        0x4 c:/st/stm32cubeide_1.7.0/stm32cubeide/plugins/com.st.stm32cube.ide.mcu.externaltools.gnu-tools-for-stm32.10.3-2021.10.win32_1.0.0.202111181127/tools/bin/../lib/gcc/arm-none-eabi/10.3.1/thumb/v7-m/nofp/crtbegin.o
 .rodata        0x0000000000000000       0x24 c:/st/stm32cubeide_1.7.0/stm32cubeide/plugins/com.st.stm32cube.ide.mcu.externaltools.gnu-tools-for-stm32.10.3-2021.10.win32_1.0.0.202111181127/tools/bin/../lib/gcc/arm-none-eabi/10.3.1/thumb/v7-m/nofp/crtbegin.o
 .text          0x0000000000000000       0x7c c:/st/stm32cubeide_1.7.0/stm32cubeide/plugins/com.st.stm32cube.ide.mcu.externaltools.gnu-tools-for-stm32.10.3-2021.10.win32_1.0.0.202111181127/tools/bin/../lib/gcc/arm-none-eabi/10.3.1/../../../../arm-none-eabi/lib/thumb/v7-m/nofp/crt0.o
 .data          0x0000000000000000        0x0 c:/st/stm32cubeide_1.7.0/stm32cubeide/plugins/com.st.stm32cube.ide.mcu.externaltools.gnu-tools-for-stm32.10.3-2021.10.win32_1.0.0.202111181127/tools/bin/../lib/gcc/arm-none-eabi/10.3.1/../../../../arm-none-eabi/lib/thumb/v7-m/nofp/crt0.o
 .bss           0x0000000000000000        0x0 c:/st/stm32cubeide_1.7.0/stm32cubeide/plugins/com.st.stm32cube.ide.mcu.externaltools.gnu-tools-for-stm32.10.3-2021.10.win32_1.0.0.202111181127/tools/bin/../lib/gcc/arm-none-eabi/10.3.1/../../../../arm-none-eabi/lib/thumb/v7-m/nofp/crt0.o
[...]
Memory Configuration

Name             Origin             Length             Attributes
RAM              0x0000000020000000 0x0000000000002800 xrw
FLASH            0x0000000008000000 0x0000000000008000 xr
*default*        0x0000000000000000 0xffffffffffffffff

Linker script and memory map

LOAD c:/st/stm32cubeide_1.7.0/stm32cubeide/plugins/com.st.stm32cube.ide.mcu.externaltools.gnu-tools-for-stm32.10.3-2021.10.win32_1.0.0.202111181127/tools/bin/../lib/gcc/arm-none-eabi/10.3.1/thumb/v7-m/nofp/crti.o
LOAD c:/st/stm32cubeide_1.7.0/stm32cubeide/plugins/com.st.stm32cube.ide.mcu.externaltools.gnu-tools-for-stm32.10.3-2021.10.win32_1.0.0.202111181127/tools/bin/../lib/gcc/arm-none-eabi/10.3.1/thumb/v7-m/nofp/crtbegin.o
LOAD c:/st/stm32cubeide_1.7.0/stm32cubeide/plugins/com.st.stm32cube.ide.mcu.externaltools.gnu-tools-for-stm32.10.3-2021.10.win32_1.0.0.202111181127/tools/bin/../lib/gcc/arm-none-eabi/10.3.1/../../../../arm-none-eabi/lib/thumb/v7-m/nofp/crt0.o
LOAD ./Core/Src/button.o
LOAD ./Core/Src/display7SEG.o
LOAD ./Core/Src/display_led.o
LOAD ./Core/Src/main.o
LOAD ./Core/Src/setTimer.o
LOAD ./Core/Src/stm32f1xx_hal_msp.o
LOAD ./Core/Src/stm32f1xx_it.o
LOAD ./Core/Src/syscalls.o
LOAD ./Core/Src/sysmem.o
LOAD ./Core/Src/system_stm32f1xx.o
LOAD ./Core/Startup/startup_stm32f103c6ux.o
LOAD ./Drivers/STM32F1xx_HAL_Driver/Src/stm32f1xx_hal.o
LOAD ./Drivers/STM32F1xx_HAL_Driver/Src/stm32f1xx_hal_cortex.o
LOAD ./Drivers/STM32F1xx_HAL_Driver/Src/stm32f1xx_hal_dma.o
LOAD ./Drivers/STM32F1xx_HAL_Driver/Src/stm32f1xx_hal_exti.o
LOAD ./Drivers/STM32F1xx_HAL_Driver/Src/stm32f1xx_hal_flash.o
LOAD ./Drivers/STM32F1xx_HAL_Driver/Src/stm32f1xx_hal_flash_ex.o
LOAD ./Drivers/STM32F1xx_HAL_Driver/Src/stm32f1xx_hal_gpio.o
LOAD ./Drivers/STM32F1xx_HAL_Driver/Src/stm32f1xx_hal_gpio_ex.o
LOAD ./Drivers/STM32F1xx_HAL_Driver/Src/stm32f1xx_hal_pwr.o
LOAD ./Drivers/STM32F1xx_HAL_Driver/Src/stm32f1xx_hal_rcc.o
LOAD ./Drivers/STM32F1xx_HAL_Driver/Src/stm32f1xx_hal_rcc_ex.o
LOAD ./Drivers/STM32F1xx_HAL_Driver/Src/stm32f1xx_hal_tim.o
LOAD ./Drivers/STM32F1xx_HAL_Driver/Src/stm32f1xx_hal_tim_ex.o
START GROUP
LOAD c:/st/stm32cubeide_1.7.0/stm32cubeide/plugins/com.st.stm32cube.ide.mcu.externaltools.gnu-tools-for-stm32.10.3-2021.10.win32_1.0.0.202111181127/tools/bin/../lib/gcc/arm-none-eabi/10.3.1/../../../../arm-none-eabi/lib/thumb/v7-m/nofp\libc_nano.a
LOAD c:/st/stm32cubeide_1.7.0/stm32cubeide/plugins/com.st.stm32cube.ide.mcu.externaltools.gnu-tools-for-stm32.10.3-2021.10.win32_1.0.0.202111181127/tools/bin/../lib/gcc/arm-none-eabi/10.3.1/../../../../arm-none-eabi/lib/thumb/v7-m/nofp\libm.a
END GROUP
START GROUP
LOAD c:/st/stm32cubeide_1.7.0/stm32cubeide/plugins/com.st.stm32cube.ide.mcu.externaltools.gnu-tools-for-stm32.10.3-2021.10.win32_1.0.0.202111181127/tools/bin/../lib/gcc/arm-none-eabi/10.3.1/thumb/v7-m/nofp\libgcc.a
LOAD c:/st/stm32cubeide_1.7.0/stm32cubeide/plugins/com.st.stm32cube.ide.mcu.externaltools.gnu-tools-for-stm32.10.3-2021.10.win32_1.0.0.202111181127/tools/bin/../lib/gcc/arm-none-eabi/10.3.1/../../../../arm-none-eabi/lib/thumb/v7-m/nofp\libc_nano.a
END GROUP
START GROUP
LOAD c:/st/stm32cubeide_1.7.0/stm32cubeide/plugins/com.st.stm32cube.ide.mcu.externaltools.gnu-tools-for-stm32.10.3-2021.10.win32_1.0.0.202111181127/tools/bin/../lib/gcc/arm-none-eabi/10.3.1/thumb/v7-m/nofp\libgcc.a
LOAD c:/st/stm32cubeide_1.7.0/stm32cubeide/plugins/com.st.stm32cube.ide.mcu.externaltools.gnu-tools-for-stm32.10.3-2021.10.win32_1.0.0.202111181127/tools/bin/../lib/gcc/arm-none-eabi/10.3.1/../../../../arm-none-eabi/lib/thumb/v7-m/nofp\libc_nano.a
LOAD c:/st/stm32cubeide_1.7.0/stm32cubeide/plugins/com.st.stm32cube.ide.mcu.externaltools.gnu-tools-for-stm32.10.3-2021.10.win32_1.0.0.202111181127/tools/bin/../lib/gcc/arm-none-eabi/10.3.1/../../../../arm-none-eabi/lib/thumb/v7-m/nofp\libnosys.a
END GROUP
START GROUP
LOAD c:/st/stm32cubeide_1.7.0/stm32cubeide/plugins/com.st.stm32cube.ide.mcu.externaltools.gnu-tools-for-stm32.10.3-2021.10.win32_1.0.0.202111181127/tools/bin/../lib/gcc/arm-none-eabi/10.3.1/thumb/v7-m/nofp\libgcc.a
LOAD c:/st/stm32cubeide_1.7.0/stm32cubeide/plugins/com.st.stm32cube.ide.mcu.externaltools.gnu-tools-for-stm32.10.3-2021.10.win32_1.0.0.202111181127/tools/bin/../lib/gcc/arm-none-eabi/10.3.1/../../../../arm-none-eabi/lib/thumb/v7-m/nofp\libc_nano.a
LOAD c:/st/stm32cubeide_1.7.0/stm32cubeide/plugins/com.st.stm32cube.ide.mcu.externaltools.gnu-tools-for-stm32.10.3-2021.10.win32_1.0.0.202111181127/tools/bin/../lib/gcc/arm-none-eabi/10.3.1/../../../../arm-none-eabi/lib/thumb/v7-m/nofp\libnosys.a
END GROUP
LOAD c:/st/stm32cubeide_1.7.0/stm32cubeide/plugins/com.st.stm32cube.ide.mcu.externaltools.gnu-tools-for-stm32.10.3-2021.10.win32_1.0.0.202111181127/tools/bin/../lib/gcc/arm-none-eabi/10.3.1/thumb/v7-m/nofp/crtend.o
LOAD c:/st/stm32cubeide_1.7.0/stm32cubeide/plugins/com.st.stm32cube.ide.mcu.externaltools.gnu-tools-for-stm32.10.3-2021.10.win32_1.0.0.202111181127/tools/bin/../lib/gcc/arm-none-eabi/10.3.1/thumb/v7-m/nofp/crtn.o
                0x0000000020002800                _estack = (ORIGIN (RAM) + LENGTH (RAM))
                0x0000000000000200                _Min_Heap_Size = 0x200
                0x0000000000000400                _Min_Stack_Size = 0x400

.isr_vector     0x0000000008000000      0x10c
                0x0000000008000000                . = ALIGN (0x4)
 *(.isr_vector)
 .isr_vector    0x0000000008000000      0x10c ./Core/Startup/startup_stm32f103c6ux.o
                0x0000000008000000                g_pfnVectors
                0x000000000800010c                . = ALIGN (0x4)

.text           0x000000000800010c     0x2164
                0x000000000800010c                . = ALIGN (0x4)
 *(.text)
 .text          0x000000000800010c       0x40 c:/st/stm32cubeide_1.7.0/stm32cubeide/plugins/com.st.stm32cube.ide.mcu.externaltools.gnu-tools-for-stm32.10.3-2021.10.win32_1.0.0.202111181127/tools/bin/../lib/gcc/arm-none-eabi/10.3.1/thumb/v7-m/nofp/crtbegin.o
 *(.text*)
 .text.isButtonNPressed
                0x000000000800014c       0x34 ./Core/Src/button.o
                0x000000000800014c                isButtonNPressed
 .text.subKeyProcess
                0x0000000008000180       0x20 ./Core/Src/button.o
                0x0000000008000180                subKeyProcess
 .text.button_processing
                0x00000000080001a0       0x90 ./Core/Src/button.o
                0x00000000080001a0                button_processing
 .text.getKeyInput
                0x0000000008000230      0x110 ./Core/Src/button.o
                0x0000000008000230                getKeyInput
 .text.clear7SEG
                0x0000000008000340       0x28 ./Core/Src/display7SEG.o
                0x0000000008000340                clear7SEG
 .text.update_tval
                0x0000000008000368       0x7c ./Core/Src/display7SEG.o
                0x0000000008000368                update_tval
 .text.displayValue
                0x00000000080003e4       0x1c ./Core/Src/display7SEG.o
                0x00000000080003e4                displayValue
 .text.displayMode
                0x0000000008000400       0x1c ./Core/Src/display7SEG.o
                0x0000000008000400                displayMode
 .text.display7SEG
                0x000000000800041c       0x88 ./Core/Src/display7SEG.o
                0x000000000800041c                display7SEG
 .text.show7SEG
                0x00000000080004a4       0x64 ./Core/Src/display7SEG.o
                0x00000000080004a4                show7SEG
 .text.clear_vertical
                0x0000000008000508       0x18 ./Core/Src/display_led.o
                0x0000000008000508                clear_vertical
 .text.clear_horizontal
                0x0000000008000520       0x18 ./Core/Src/display_led.o
                0x0000000008000520                clear_horizontal
 .text.currentState_update
                0x0000000008000538       0x5c ./Core/Src/display_led.o
                0x0000000008000538                currentState_update
 .text.vertical_processing
                0x0000000008000594       0x68 ./Core/Src/display_led.o
                0x0000000008000594                vertical_processing
 .text.horizontal_processing
                0x00000000080005fc       0x64 ./Core/Src/display_led.o
                0x00000000080005fc                horizontal_processing
 .text.SHOW_LED
                0x0000000008000660       0x4c ./Core/Src/display_led.o
                0x0000000008000660                SHOW_LED
 .text.update_led
                0x00000000080006ac       0xb4 ./Core/Src/display_led.o
                0x00000000080006ac                update_led
 .text.main     0x0000000008000760       0x38 ./Core/Src/main.o
                0x0000000008000760                main
 .text.SystemClock_Config
                0x0000000008000798       0x76 ./Core/Src/main.o
                0x0000000008000798                SystemClock_Config
 *fill*         0x000000000800080e        0x2 
 .text.MX_TIM2_Init
                0x0000000008000810       0x98 ./Core/Src/main.o
 .text.MX_GPIO_Init
                0x00000000080008a8       0xc8 ./Core/Src/main.o
 .text.HAL_TIM_PeriodElapsedCallback
                0x0000000008000970       0x20 ./Core/Src/main.o
                0x0000000008000970                HAL_TIM_PeriodElapsedCallback
 .text.Error_Handler
                0x0000000008000990        0xa ./Core/Src/main.o
                0x0000000008000990                Error_Handler
 *fill*         0x000000000800099a        0x2 
 .text.setTimer1
                0x000000000800099c       0x38 ./Core/Src/setTimer.o
                0x000000000800099c                setTimer1
 .text.setTimer2
                0x00000000080009d4       0x38 ./Core/Src/setTimer.o
                0x00000000080009d4                setTimer2
 .text.setTimer7SEG
                0x0000000008000a0c       0x38 ./Core/Src/setTimer.o
                0x0000000008000a0c                setTimer7SEG
 .text.timerRun
                0x0000000008000a44       0x84 ./Core/Src/setTimer.o
                0x0000000008000a44                timerRun
 .text.HAL_MspInit
                0x0000000008000ac8       0x64 ./Core/Src/stm32f1xx_hal_msp.o
                0x0000000008000ac8                HAL_MspInit
 .text.HAL_TIM_Base_MspInit
                0x0000000008000b2c       0x48 ./Core/Src/stm32f1xx_hal_msp.o
                0x0000000008000b2c                HAL_TIM_Base_MspInit
 .text.NMI_Handler
                0x0000000008000b74        0x6 ./Core/Src/stm32f1xx_it.o
                0x0000000008000b74                NMI_Handler
 .text.HardFault_Handler
                0x0000000008000b7a        0x6 ./Core/Src/stm32f1xx_it.o
                0x0000000008000b7a                HardFault_Handler
 .text.MemManage_Handler
                0x0000000008000b80        0x6 ./Core/Src/stm32f1xx_it.o
                0x0000000008000b80                MemManage_Handler
 .text.BusFault_Handler
                0x0000000008000b86        0x6 ./Core/Src/stm32f1xx_it.o
                0x0000000008000b86                BusFault_Handler
 .text.UsageFault_Handler
                0x0000000008000b8c        0x6 ./Core/Src/stm32f1xx_it.o
                0x0000000008000b8c                UsageFault_Handler
 .text.SVC_Handler
                0x0000000008000b92        0xc ./Core/Src/stm32f1xx_it.o
                0x0000000008000b92                SVC_Handler
 .text.DebugMon_Handler
                0x0000000008000b9e        0xc ./Core/Src/stm32f1xx_it.o
                0x0000000008000b9e                DebugMon_Handler
 .text.PendSV_Handler
                0x0000000008000baa        0xc ./Core/Src/stm32f1xx_it.o
                0x0000000008000baa                PendSV_Handler
 .text.SysTick_Handler
                0x0000000008000bb6        0xc ./Core/Src/stm32f1xx_it.o
                0x0000000008000bb6                SysTick_Handler
 *fill*         0x0000000008000bc2        0x2 
 .text.TIM2_IRQHandler
                0x0000000008000bc4       0x14 ./Core/Src/stm32f1xx_it.o
                0x0000000008000bc4                TIM2_IRQHandler
 .text.SystemInit
                0x0000000008000bd8        0xc ./Core/Src/system_stm32f1xx.o
                0x0000000008000bd8                SystemInit
 .text.Reset_Handler
                0x0000000008000be4       0x48 ./Core/Startup/startup_stm32f103c6ux.o
                0x0000000008000be4                Reset_Handler
 .text.Default_Handler
                0x0000000008000c2c        0x2 ./Core/Startup/startup_stm32f103c6ux.o
                0x0000000008000c2c                RTC_Alarm_IRQHandler
                0x0000000008000c2c                EXTI2_IRQHandler
                0x0000000008000c2c                TIM1_CC_IRQHandler
                0x0000000008000c2c                PVD_IRQHandler
                0x0000000008000c2c                EXTI3_IRQHandler
                0x0000000008000c2c                EXTI0_IRQHandler
                0x0000000008000c2c                ADC1_2_IRQHandler
                0x0000000008000c2c                SPI1_IRQHandler
                0x0000000008000c2c                TAMPER_IRQHandler
                0x0000000008000c2c                DMA1_Channel4_IRQHandler
                0x0000000008000c2c                RTC_IRQHandler
                0x0000000008000c2c                DMA1_Channel7_IRQHandler
                0x0000000008000c2c                CAN1_RX1_IRQHandler
                0x0000000008000c2c                I2C1_EV_IRQHandler
                0x0000000008000c2c                DMA1_Channel6_IRQHandler
                0x0000000008000c2c                TIM3_IRQHandler
                0x0000000008000c2c                RCC_IRQHandler
                0x0000000008000c2c                TIM1_TRG_COM_IRQHandler
                0x0000000008000c2c                DMA1_Channel1_IRQHandler
                0x0000000008000c2c                Default_Handler
                0x0000000008000c2c                EXTI15_10_IRQHandler
                0x0000000008000c2c                EXTI9_5_IRQHandler
                0x0000000008000c2c                DMA1_Channel5_IRQHandler
                0x0000000008000c2c                EXTI4_IRQHandler
                0x0000000008000c2c                USB_LP_CAN1_RX0_IRQHandler
                0x0000000008000c2c                USB_HP_CAN1_TX_IRQHandler
                0x0000000008000c2c                DMA1_Channel3_IRQHandler
                0x0000000008000c2c                TIM1_UP_IRQHandler
                0x0000000008000c2c                WWDG_IRQHandler
                0x0000000008000c2c                TIM1_BRK_IRQHandler
                0x0000000008000c2c                EXTI1_IRQHandler
                0x0000000008000c2c                USART2_IRQHandler
                0x0000000008000c2c                DMA1_Channel2_IRQHandler
                0x0000000008000c2c                CAN1_SCE_IRQHandler
                0x0000000008000c2c                FLASH_IRQHandler
                0x0000000008000c2c                USART1_IRQHandler
                0x0000000008000c2c                I2C1_ER_IRQHandler
                0x0000000008000c2c                USBWakeUp_IRQHandler
 *fill*         0x0000000008000c2e        0x2 
 .text.HAL_Init
                0x0000000008000c30       0x2c ./Drivers/STM32F1xx_HAL_Driver/Src/stm32f1xx_hal.o
                0x0000000008000c30                HAL_Init
 .text.HAL_InitTick
                0x0000000008000c5c       0x60 ./Drivers/STM32F1xx_HAL_Driver/Src/stm32f1xx_hal.o
                0x0000000008000c5c                HAL_InitTick
 .text.HAL_IncTick
                0x0000000008000cbc       0x24 ./Drivers/STM32F1xx_HAL_Driver/Src/stm32f1xx_hal.o
                0x0000000008000cbc                HAL_IncTick
 .text.HAL_GetTick
                0x0000000008000ce0       0x14 ./Drivers/STM32F1xx_HAL_Driver/Src/stm32f1xx_hal.o
                0x0000000008000ce0                HAL_GetTick
 .text.__NVIC_SetPriorityGrouping
                0x0000000008000cf4       0x48 ./Drivers/STM32F1xx_HAL_Driver/Src/stm32f1xx_hal_cortex.o
 .text.__NVIC_GetPriorityGrouping
                0x0000000008000d3c       0x1c ./Drivers/STM32F1xx_HAL_Driver/Src/stm32f1xx_hal_cortex.o
 .text.__NVIC_EnableIRQ
                0x0000000008000d58       0x38 ./Drivers/STM32F1xx_HAL_Driver/Src/stm32f1xx_hal_cortex.o
 .text.__NVIC_SetPriority
                0x0000000008000d90       0x54 ./Drivers/STM32F1xx_HAL_Driver/Src/stm32f1xx_hal_cortex.o
 .text.NVIC_EncodePriority
                0x0000000008000de4       0x64 ./Drivers/STM32F1xx_HAL_Driver/Src/stm32f1xx_hal_cortex.o
 .text.SysTick_Config
                0x0000000008000e48       0x44 ./Drivers/STM32F1xx_HAL_Driver/Src/stm32f1xx_hal_cortex.o
 .text.HAL_NVIC_SetPriorityGrouping
                0x0000000008000e8c       0x16 ./Drivers/STM32F1xx_HAL_Driver/Src/stm32f1xx_hal_cortex.o
                0x0000000008000e8c                HAL_NVIC_SetPriorityGrouping
 .text.HAL_NVIC_SetPriority
                0x0000000008000ea2       0x38 ./Drivers/STM32F1xx_HAL_Driver/Src/stm32f1xx_hal_cortex.o
                0x0000000008000ea2                HAL_NVIC_SetPriority
 .text.HAL_NVIC_EnableIRQ
                0x0000000008000eda       0x1c ./Drivers/STM32F1xx_HAL_Driver/Src/stm32f1xx_hal_cortex.o
                0x0000000008000eda                HAL_NVIC_EnableIRQ
 .text.HAL_SYSTICK_Config
                0x0000000008000ef6       0x18 ./Drivers/STM32F1xx_HAL_Driver/Src/stm32f1xx_hal_cortex.o
                0x0000000008000ef6                HAL_SYSTICK_Config
 *fill*         0x0000000008000f0e        0x2 
 .text.HAL_GPIO_Init
                0x0000000008000f10      0x2f8 ./Drivers/STM32F1xx_HAL_Driver/Src/stm32f1xx_hal_gpio.o
                0x0000000008000f10                HAL_GPIO_Init
 .text.HAL_GPIO_ReadPin
                0x0000000008001208       0x2e ./Drivers/STM32F1xx_HAL_Driver/Src/stm32f1xx_hal_gpio.o
                0x0000000008001208                HAL_GPIO_ReadPin
 .text.HAL_GPIO_WritePin
                0x0000000008001236       0x30 ./Drivers/STM32F1xx_HAL_Driver/Src/stm32f1xx_hal_gpio.o
                0x0000000008001236                HAL_GPIO_WritePin
 *fill*         0x0000000008001266        0x2 
 .text.HAL_RCC_OscConfig
                0x0000000008001268      0x504 ./Drivers/STM32F1xx_HAL_Driver/Src/stm32f1xx_hal_rcc.o
                0x0000000008001268                HAL_RCC_OscConfig
 .text.HAL_RCC_ClockConfig
                0x000000000800176c      0x1d4 ./Drivers/STM32F1xx_HAL_Driver/Src/stm32f1xx_hal_rcc.o
                0x000000000800176c                HAL_RCC_ClockConfig
 .text.HAL_RCC_GetSysClockFreq
                0x0000000008001940       0xbc ./Drivers/STM32F1xx_HAL_Driver/Src/stm32f1xx_hal_rcc.o
                0x0000000008001940                HAL_RCC_GetSysClockFreq
 .text.RCC_Delay
                0x00000000080019fc       0x3c ./Drivers/STM32F1xx_HAL_Driver/Src/stm32f1xx_hal_rcc.o
 .text.HAL_TIM_Base_Init
                0x0000000008001a38       0x9e ./Drivers/STM32F1xx_HAL_Driver/Src/stm32f1xx_hal_tim.o
                0x0000000008001a38                HAL_TIM_Base_Init
 *fill*         0x0000000008001ad6        0x2 
 .text.HAL_TIM_Base_Start_IT
                0x0000000008001ad8       0x98 ./Drivers/STM32F1xx_HAL_Driver/Src/stm32f1xx_hal_tim.o
                0x0000000008001ad8                HAL_TIM_Base_Start_IT
 .text.HAL_TIM_IRQHandler
                0x0000000008001b70      0x210 ./Drivers/STM32F1xx_HAL_Driver/Src/stm32f1xx_hal_tim.o
                0x0000000008001b70                HAL_TIM_IRQHandler
 .text.HAL_TIM_ConfigClockSource
                0x0000000008001d80      0x188 ./Drivers/STM32F1xx_HAL_Driver/Src/stm32f1xx_hal_tim.o
                0x0000000008001d80                HAL_TIM_ConfigClockSource
 .text.HAL_TIM_OC_DelayElapsedCallback
                0x0000000008001f08       0x12 ./Drivers/STM32F1xx_HAL_Driver/Src/stm32f1xx_hal_tim.o
                0x0000000008001f08                HAL_TIM_OC_DelayElapsedCallback
 .text.HAL_TIM_IC_CaptureCallback
                0x0000000008001f1a       0x12 ./Drivers/STM32F1xx_HAL_Driver/Src/stm32f1xx_hal_tim.o
                0x0000000008001f1a                HAL_TIM_IC_CaptureCallback
 .text.HAL_TIM_PWM_PulseFinishedCallback
                0x0000000008001f2c       0x12 ./Drivers/STM32F1xx_HAL_Driver/Src/stm32f1xx_hal_tim.o
                0x0000000008001f2c                HAL_TIM_PWM_PulseFinishedCallback
 .text.HAL_TIM_TriggerCallback
                0x0000000008001f3e       0x12 ./Drivers/STM32F1xx_HAL_Driver/Src/stm32f1xx_hal_tim.o
                0x0000000008001f3e                HAL_TIM_TriggerCallback
 .text.TIM_Base_SetConfig
                0x0000000008001f50       0xb0 ./Drivers/STM32F1xx_HAL_Driver/Src/stm32f1xx_hal_tim.o
                0x0000000008001f50                TIM_Base_SetConfig
 .text.TIM_TI1_ConfigInputStage
                0x0000000008002000       0x5c ./Drivers/STM32F1xx_HAL_Driver/Src/stm32f1xx_hal_tim.o
 .text.TIM_TI2_ConfigInputStage
                0x000000000800205c       0x5e ./Drivers/STM32F1xx_HAL_Driver/Src/stm32f1xx_hal_tim.o
 .text.TIM_ITRx_SetConfig
                0x00000000080020ba       0x34 ./Drivers/STM32F1xx_HAL_Driver/Src/stm32f1xx_hal_tim.o
 .text.TIM_ETR_SetConfig
                0x00000000080020ee       0x3e ./Drivers/STM32F1xx_HAL_Driver/Src/stm32f1xx_hal_tim.o
                0x00000000080020ee                TIM_ETR_SetConfig
 .text.HAL_TIMEx_MasterConfigSynchronization
                0x000000000800212c       0xb0 ./Drivers/STM32F1xx_HAL_Driver/Src/stm32f1xx_hal_tim_ex.o
                0x000000000800212c                HAL_TIMEx_MasterConfigSynchronization
 .text.HAL_TIMEx_CommutCallback
                0x00000000080021dc       0x12 ./Drivers/STM32F1xx_HAL_Driver/Src/stm32f1xx_hal_tim_ex.o
                0x00000000080021dc                HAL_TIMEx_CommutCallback
 .text.HAL_TIMEx_BreakCallback
                0x00000000080021ee       0x12 ./Drivers/STM32F1xx_HAL_Driver/Src/stm32f1xx_hal_tim_ex.o
                0x00000000080021ee                HAL_TIMEx_BreakCallback
 .text.__libc_init_array
                0x0000000008002200       0x48 c:/st/stm32cubeide_1.7.0/stm32cubeide/plugins/com.st.stm32cube.ide.mcu.externaltools.gnu-tools-for-stm32.10.3-2021.10.win32_1.0.0.202111181127/tools/bin/../lib/gcc/arm-none-eabi/10.3.1/../../../../arm-none-eabi/lib/thumb/v7-m/nofp\libc_nano.a(lib_a-init.o)
                0x0000000008002200                __libc_init_array
 .text.memset   0x0000000008002248       0x10 c:/st/stm32cubeide_1.7.0/stm32cubeide/plugins/com.st.stm32cube.ide.mcu.externaltools.gnu-tools-for-stm32.10.3-2021.10.win32_1.0.0.202111181127/tools/bin/../lib/gcc/arm-none-eabi/10.3.1/../../../../arm-none-eabi/lib/thumb/v7-m/nofp\libc_nano.a(lib_a-memset.o)
                0x0000000008002248                memset
 *(.glue_7)
 .glue_7        0x0000000008002258        0x0 linker stubs
 *(.glue_7t)
 .glue_7t       0x0000000008002258        0x0 linker stubs
 *(.eh_frame)
 .eh_frame      0x0000000008002258        0x0 c:/st/stm32cubeide_1.7.0/stm32cubeide/plugins/com.st.stm32cube.ide.mcu.externaltools.gnu-tools-for-stm32.10.3-2021.10.win32_1.0.0.202111181127/tools/bin/../lib/gcc/arm-none-eabi/10.3.1/thumb/v7-m/nofp/crtbegin.o
 *(.init)
 .init          0x0000000008002258        0x4 c:/st/stm32cubeide_1.7.0/stm32cubeide/plugins/com.st.stm32cube.ide.mcu.externaltools.gnu-tools-for-stm32.10.3-2021.10.win32_1.0.0.202111181127/tools/bin/../lib/gcc/arm-none-eabi/10.3.1/thumb/v7-m/nofp/crti.o
                0x0000000008002258                _init
 .init          0x000000000800225c        0x8 c:/st/stm32cubeide_1.7.0/stm32cubeide/plugins/com.st.stm32cube.ide.mcu.externaltools.gnu-tools-for-stm32.10.3-2021.10.win32_1.0.0.202111181127/tools/bin/../lib/gcc/arm-none-eabi/10.3.1/thumb/v7-m/nofp/crtn.o
 *(.fini)
 .fini          0x0000000008002264        0x4 c:/st/stm32cubeide_1.7.0/stm32cubeide/plugins/com.st.stm32cube.ide.mcu.externaltools.gnu-tools-for-stm32.10.3-2021.10.win32_1.0.0.202111181127/tools/bin/../lib/gcc/arm-none-eabi/10.3.1/thumb/v7-m/nofp/crti.o
                0x0000000008002264                _fini
 .fini          0x0000000008002268        0x8 c:/st/stm32cubeide_1.7.0/stm32cubeide/plugins/com.st.stm32cube.ide.mcu.externaltools.gnu-tools-for-stm32.10.3-2021.10.win32_1.0.0.202111181127/tools/bin/../lib/gcc/arm-none-eabi/10.3.1/thumb/v7-m/nofp/crtn.o
                0x0000000008002270                . = ALIGN (0x4)
                0x0000000008002270                _etext = .

.vfp11_veneer   0x0000000008002270        0x0
 .vfp11_veneer  0x0000000008002270        0x0 linker stubs

.v4_bx          0x0000000008002270        0x0
 .v4_bx         0x0000000008002270        0x0 linker stubs

.iplt           0x0000000008002270        0x0
 .iplt          0x0000000008002270        0x0 c:/st/stm32cubeide_1.7.0/stm32cubeide/plugins/com.st.stm32cube.ide.mcu.externaltools.gnu-tools-for-stm32.10.3-2021.10.win32_1.0.0.202111181127/tools/bin/../lib/gcc/arm-none-eabi/10.3.1/thumb/v7-m/nofp/crtbegin.o

.rodata         0x0000000008002270       0x2c
                0x0000000008002270                . = ALIGN (0x4)
 *(.rodata)
 .rodata        0x0000000008002270        0xa ./Core/Src/display7SEG.o
 *fill*         0x000000000800227a        0x2 
 .rodata        0x000000000800227c       0x10 ./Drivers/STM32F1xx_HAL_Driver/Src/stm32f1xx_hal_rcc.o
 *(.rodata*)
 .rodata.AHBPrescTable
                0x000000000800228c       0x10 ./Core/Src/system_stm32f1xx.o
                0x000000000800228c                AHBPrescTable
                0x000000000800229c                . = ALIGN (0x4)

.rel.dyn        0x000000000800229c        0x0
 .rel.iplt      0x000000000800229c        0x0 c:/st/stm32cubeide_1.7.0/stm32cubeide/plugins/com.st.stm32cube.ide.mcu.externaltools.gnu-tools-for-stm32.10.3-2021.10.win32_1.0.0.202111181127/tools/bin/../lib/gcc/arm-none-eabi/10.3.1/thumb/v7-m/nofp/crtbegin.o

.ARM.extab      0x000000000800229c        0x0
                0x000000000800229c                . = ALIGN (0x4)
 *(.ARM.extab* .gnu.linkonce.armextab.*)
                0x000000000800229c                . = ALIGN (0x4)

.ARM            0x000000000800229c        0x0
                0x000000000800229c                . = ALIGN (0x4)
                0x000000000800229c                __exidx_start = .
 *(.ARM.exidx*)
                0x000000000800229c                __exidx_end = .
                0x000000000800229c                . = ALIGN (0x4)

.preinit_array  0x000000000800229c        0x0
                0x000000000800229c                . = ALIGN (0x4)
                0x000000000800229c                PROVIDE (__preinit_array_start = .)
 *(.preinit_array*)
                0x000000000800229c                PROVIDE (__preinit_array_end = .)
                0x000000000800229c                . = ALIGN (0x4)

.init_array     0x000000000800229c        0x4
                0x000000000800229c                . = ALIGN (0x4)
                0x000000000800229c                PROVIDE (__init_array_start = .)
 *(SORT_BY_NAME(.init_array.*))
 *(.init_array*)
 .init_array    0x000000000800229c        0x4 c:/st/stm32cubeide_1.7.0/stm32cubeide/plugins/com.st.stm32cube.ide.mcu.externaltools.gnu-tools-for-stm32.10.3-2021.10.win32_1.0.0.202111181127/tools/bin/../lib/gcc/arm-none-eabi/10.3.1/thumb/v7-m/nofp/crtbegin.o
                0x00000000080022a0                PROVIDE (__init_array_end = .)
                0x00000000080022a0                . = ALIGN (0x4)

.fini_array     0x00000000080022a0        0x4
                0x00000000080022a0                . = ALIGN (0x4)
                [!provide]                        PROVIDE (__fini_array_start = .)
 *(SORT_BY_NAME(.fini_array.*))
 *(.fini_array*)
 .fini_array    0x00000000080022a0        0x4 c:/st/stm32cubeide_1.7.0/stm32cubeide/plugins/com.st.stm32cube.ide.mcu.externaltools.gnu-tools-for-stm32.10.3-2021.10.win32_1.0.0.202111181127/tools/bin/../lib/gcc/arm-none-eabi/10.3.1/thumb/v7-m/nofp/crtbegin.o
                [!provide]                        PROVIDE (__fini_array_end = .)
                0x00000000080022a4                . = ALIGN (0x4)
                0x00000000080022a4                _sidata = LOADADDR (.data)

.data           0x0000000020000000       0x9c load address 0x00000000080022a4
                0x0000000020000000                . = ALIGN (0x4)
                0x0000000020000000                _sdata = .
 *(.data)
 *(.data*)
 .data.buttonN_PIN
                0x0000000020000000       0x10 ./Core/Src/button.o
                0x0000000020000000                buttonN_PIN
 .data.KeyReg0  0x0000000020000010       0x10 ./Core/Src/button.o
                0x0000000020000010                KeyReg0
 .data.KeyReg1  0x0000000020000020       0x10 ./Core/Src/button.o
                0x0000000020000020                KeyReg1
 .data.KeyReg2  0x0000000020000030       0x10 ./Core/Src/button.o
                0x0000000020000030                KeyReg2
 .data.KeyReg3  0x0000000020000040       0x10 ./Core/Src/button.o
                0x0000000020000040                KeyReg3
 .data.TimerForKeyPress
                0x0000000020000050       0x10 ./Core/Src/button.o
                0x0000000020000050                TimerForKeyPress
 .data.TIME_7SEG
                0x0000000020000060       0x10 ./Core/Src/display7SEG.o
                0x0000000020000060                TIME_7SEG
 .data.RED      0x0000000020000070        0x4 ./Core/Src/display_led.o
                0x0000000020000070                RED
 .data.YEL      0x0000000020000074        0x4 ./Core/Src/display_led.o
                0x0000000020000074                YEL
 .data.GRE      0x0000000020000078        0x4 ./Core/Src/display_led.o
                0x0000000020000078                GRE
 .data.LED_TIME
                0x000000002000007c        0xc ./Core/Src/display_led.o
                0x000000002000007c                LED_TIME
 .data.currentState
                0x0000000020000088        0x8 ./Core/Src/display_led.o
                0x0000000020000088                currentState
 .data.SystemCoreClock
                0x0000000020000090        0x4 ./Core/Src/system_stm32f1xx.o
                0x0000000020000090                SystemCoreClock
 .data.uwTickPrio
                0x0000000020000094        0x4 ./Drivers/STM32F1xx_HAL_Driver/Src/stm32f1xx_hal.o
                0x0000000020000094                uwTickPrio
 .data.uwTickFreq
                0x0000000020000098        0x1 ./Drivers/STM32F1xx_HAL_Driver/Src/stm32f1xx_hal.o
                0x0000000020000098                uwTickFreq
 *(.RamFunc)
 *(.RamFunc*)
                0x000000002000009c                . = ALIGN (0x4)
 *fill*         0x0000000020000099        0x3 
                0x000000002000009c                _edata = .

.igot.plt       0x000000002000009c        0x0 load address 0x0000000008002340
 .igot.plt      0x000000002000009c        0x0 c:/st/stm32cubeide_1.7.0/stm32cubeide/plugins/com.st.stm32cube.ide.mcu.externaltools.gnu-tools-for-stm32.10.3-2021.10.win32_1.0.0.202111181127/tools/bin/../lib/gcc/arm-none-eabi/10.3.1/thumb/v7-m/nofp/crtbegin.o
                0x000000002000009c                . = ALIGN (0x4)

.bss            0x000000002000009c       0xbc load address 0x0000000008002340
                0x000000002000009c                _sbss = .
                0x000000002000009c                __bss_start__ = _sbss
 *(.bss)
 .bss           0x000000002000009c       0x1c c:/st/stm32cubeide_1.7.0/stm32cubeide/plugins/com.st.stm32cube.ide.mcu.externaltools.gnu-tools-for-stm32.10.3-2021.10.win32_1.0.0.202111181127/tools/bin/../lib/gcc/arm-none-eabi/10.3.1/thumb/v7-m/nofp/crtbegin.o
 *(.bss*)
 .bss.buttonN_flag
                0x00000000200000b8       0x10 ./Core/Src/button.o
                0x00000000200000b8                buttonN_flag
 .bss.MODE      0x00000000200000c8        0x4 ./Core/Src/button.o
                0x00000000200000c8                MODE
 .bss.TERM      0x00000000200000cc        0x4 ./Core/Src/button.o
                0x00000000200000cc                TERM
 .bss.index_7SEG
                0x00000000200000d0        0x4 ./Core/Src/display7SEG.o
                0x00000000200000d0                index_7SEG
 .bss.TVAL_7SEG
                0x00000000200000d4        0x8 ./Core/Src/display7SEG.o
                0x00000000200000d4                TVAL_7SEG
 .bss.DISPLAY_7SEG
                0x00000000200000dc       0x10 ./Core/Src/display7SEG.o
                0x00000000200000dc                DISPLAY_7SEG
 .bss.currentTimer
                0x00000000200000ec        0x8 ./Core/Src/display_led.o
                0x00000000200000ec                currentTimer
 .bss.htim2     0x00000000200000f4       0x48 ./Core/Src/main.o
                0x00000000200000f4                htim2
 .bss.timer1_counter
                0x000000002000013c        0x4 ./Core/Src/setTimer.o
                0x000000002000013c                timer1_counter
 .bss.timer1_flag
                0x0000000020000140        0x4 ./Core/Src/setTimer.o
                0x0000000020000140                timer1_flag
 .bss.timer2_counter
                0x0000000020000144        0x4 ./Core/Src/setTimer.o
                0x0000000020000144                timer2_counter
 .bss.timer2_flag
                0x0000000020000148        0x4 ./Core/Src/setTimer.o
                0x0000000020000148                timer2_flag
 .bss.timer7SEG_counter
                0x000000002000014c        0x4 ./Core/Src/setTimer.o
                0x000000002000014c                timer7SEG_counter
 .bss.timer7SEG_flag
                0x0000000020000150        0x4 ./Core/Src/setTimer.o
                0x0000000020000150                timer7SEG_flag
 .bss.uwTick    0x0000000020000154        0x4 ./Drivers/STM32F1xx_HAL_Driver/Src/stm32f1xx_hal.o
                0x0000000020000154                uwTick
 *(COMMON)
                0x0000000020000158                . = ALIGN (0x4)
                0x0000000020000158                _ebss = .
                0x0000000020000158                __bss_end__ = _ebss

._user_heap_stack
                0x0000000020000158      0x600 load address 0x0000000008002340
                0x0000000020000158                . = ALIGN (0x8)
                [!provide]                        PROVIDE (end = .)
                0x0000000020000158                PROVIDE (_end = .)
                0x0000000020000358                . = (. + _Min_Heap_Size)
 *fill*         0x0000000020000158      0x200 
                0x0000000020000758                . = (. + _Min_Stack_Size)
 *fill*         0x0000000020000358      0x400 
                0x0000000020000758                . = ALIGN (0x8)

/DISCARD/
 libc.a(*)
 libm.a(*)
 libgcc.a(*)

.ARM.attributes
                0x0000000000000000       0x29
 *(.ARM.attributes)
 .ARM.attributes
                0x0000000000000000       0x1d c:/st/stm32cubeide_1.7.0/stm32cubeide/plugins/com.st.stm32cube.ide.mcu.externaltools.gnu-tools-for-stm32.10.3-2021.10.win32_1.0.0.202111181127/tools/bin/../lib/gcc/arm-none-eabi/10.3.1/thumb/v7-m/nofp/crti.o
 .ARM.attributes
                0x000000000000001d       0x2d c:/st/stm32cubeide_1.7.0/stm32cubeide/plugins/com.st.stm32cube.ide.mcu.externaltools.gnu-tools-for-stm32.10.3-2021.10.win32_1.0.0.202111181127/tools/bin/../lib/gcc/arm-none-eabi/10.3.1/thumb/v7-m/nofp/crtbegin.o
 .ARM.attributes
                0x000000000000004a       0x2d ./Core/Src/button.o
 .ARM.attributes
                0x0000000000000077       0x2d ./Core/Src/display7SEG.o
 .ARM.attributes
                0x00000000000000a4       0x2d ./Core/Src/display_led.o
 .ARM.attributes
                0x00000000000000d1       0x2d ./Core/Src/main.o
 .ARM.attributes
                0x00000000000000fe       0x2d ./Core/Src/setTimer.o
 .ARM.attributes
                0x000000000000012b       0x2d ./Core/Src/stm32f1xx_hal_msp.o
 .ARM.attributes
                0x0000000000000158       0x2d ./Core/Src/stm32f1xx_it.o
 .ARM.attributes
                0x0000000000000185       0x2d ./Core/Src/system_stm32f1xx.o
 .ARM.attributes
                0x00000000000001b2       0x21 ./Core/Startup/startup_stm32f103c6ux.o
 .ARM.attributes
                0x00000000000001d3       0x2d ./Drivers/STM32F1xx_HAL_Driver/Src/stm32f1xx_hal.o
 .ARM.attributes
                0x0000000000000200       0x2d ./Drivers/STM32F1xx_HAL_Driver/Src/stm32f1xx_hal_cortex.o
 .ARM.attributes
                0x000000000000022d       0x2d ./Drivers/STM32F1xx_HAL_Driver/Src/stm32f1xx_hal_gpio.o
 .ARM.attributes
                0x000000000000025a       0x2d ./Drivers/STM32F1xx_HAL_Driver/Src/stm32f1xx_hal_rcc.o
 .ARM.attributes
                0x0000000000000287       0x2d ./Drivers/STM32F1xx_HAL_Driver/Src/stm32f1xx_hal_tim.o
 .ARM.attributes
                0x00000000000002b4       0x2d ./Drivers/STM32F1xx_HAL_Driver/Src/stm32f1xx_hal_tim_ex.o
 .ARM.attributes
                0x00000000000002e1       0x2d c:/st/stm32cubeide_1.7.0/stm32cubeide/plugins/com.st.stm32cube.ide.mcu.externaltools.gnu-tools-for-stm32.10.3-2021.10.win32_1.0.0.202111181127/tools/bin/../lib/gcc/arm-none-eabi/10.3.1/../../../../arm-none-eabi/lib/thumb/v7-m/nofp\libc_nano.a(lib_a-init.o)
 .ARM.attributes
                0x000000000000030e       0x2d c:/st/stm32cubeide_1.7.0/stm32cubeide/plugins/com.st.stm32cube.ide.mcu.externaltools.gnu-tools-for-stm32.10.3-2021.10.win32_1.0.0.202111181127/tools/bin/../lib/gcc/arm-none-eabi/10.3.1/../../../../arm-none-eabi/lib/thumb/v7-m/nofp\libc_nano.a(lib_a-memset.o)
 .ARM.attributes
                0x000000000000033b       0x1d c:/st/stm32cubeide_1.7.0/stm32cubeide/plugins/com.st.stm32cube.ide.mcu.externaltools.gnu-tools-for-stm32.10.3-2021.10.win32_1.0.0.202111181127/tools/bin/../lib/gcc/arm-none-eabi/10.3.1/thumb/v7-m/nofp/crtn.o
OUTPUT(L3_EX3N.elf elf32-littlearm)
LOAD linker stubs
LOAD c:/st/stm32cubeide_1.7.0/stm32cubeide/plugins/com.st.stm32cube.ide.mcu.externaltools.gnu-tools-for-stm32.10.3-2021.10.win32_1.0.0.202111181127/tools/bin/../lib/gcc/arm-none-eabi/10.3.1/../../../../arm-none-eabi/lib/thumb/v7-m/nofp\libc.a
LOAD c:/st/stm32cubeide_1.7.0/stm32cubeide/plugins/com.st.stm32cube.ide.mcu.externaltools.gnu-tools-for-stm32.10.3-2021.10.win32_1.0.0.202111181127/tools/bin/../lib/gcc/arm-none-eabi/10.3.1/../../../../arm-none-eabi/lib/thumb/v7-m/nofp\libm.a
LOAD c:/st/stm32cubeide_1.7.0/stm32cubeide/plugins/com.st.stm32cube.ide.mcu.externaltools.gnu-tools-for-stm32.10.3-2021.10.win32_1.0.0.202111181127/tools/bin/../lib/gcc/arm-none-eabi/10.3.1/thumb/v7-m/nofp\libgcc.a

.debug_info     0x0000000000000000     0x887b
 .debug_info    0x0000000000000000      0x2d5 ./Core/Src/button.o
 .debug_info    0x00000000000002d5      0x2f0 ./Core/Src/display7SEG.o
 .debug_info    0x00000000000005c5      0x319 ./Core/Src/display_led.o
 .debug_info    0x00000000000008de      0xc3b ./Core/Src/main.o
 .debug_info    0x0000000000001519      0x134 ./Core/Src/setTimer.o
 .debug_info    0x000000000000164d      0x967 ./Core/Src/stm32f1xx_hal_msp.o
 .debug_info    0x0000000000001fb4      0x6ea ./Core/Src/stm32f1xx_it.o
 .debug_info    0x000000000000269e      0x23d ./Core/Src/system_stm32f1xx.o
 .debug_info    0x00000000000028db       0x22 ./Core/Startup/startup_stm32f103c6ux.o
 .debug_info    0x00000000000028fd      0x716 ./Drivers/STM32F1xx_HAL_Driver/Src/stm32f1xx_hal.o
 .debug_info    0x0000000000003013      0xb02 ./Drivers/STM32F1xx_HAL_Driver/Src/stm32f1xx_hal_cortex.o
 .debug_info    0x0000000000003b15      0x615 ./Drivers/STM32F1xx_HAL_Driver/Src/stm32f1xx_hal_gpio.o
 .debug_info    0x000000000000412a      0x860 ./Drivers/STM32F1xx_HAL_Driver/Src/stm32f1xx_hal_rcc.o
 .debug_info    0x000000000000498a     0x29de ./Drivers/STM32F1xx_HAL_Driver/Src/stm32f1xx_hal_tim.o
 .debug_info    0x0000000000007368     0x1513 ./Drivers/STM32F1xx_HAL_Driver/Src/stm32f1xx_hal_tim_ex.o

.debug_abbrev   0x0000000000000000     0x1a52
 .debug_abbrev  0x0000000000000000      0x1b7 ./Core/Src/button.o
 .debug_abbrev  0x00000000000001b7      0x18b ./Core/Src/display7SEG.o
 .debug_abbrev  0x0000000000000342      0x161 ./Core/Src/display_led.o
 .debug_abbrev  0x00000000000004a3      0x26f ./Core/Src/main.o
 .debug_abbrev  0x0000000000000712       0xc3 ./Core/Src/setTimer.o
 .debug_abbrev  0x00000000000007d5      0x19f ./Core/Src/stm32f1xx_hal_msp.o
 .debug_abbrev  0x0000000000000974      0x184 ./Core/Src/stm32f1xx_it.o
 .debug_abbrev  0x0000000000000af8      0x13b ./Core/Src/system_stm32f1xx.o
 .debug_abbrev  0x0000000000000c33       0x12 ./Core/Startup/startup_stm32f103c6ux.o
 .debug_abbrev  0x0000000000000c45      0x1fb ./Drivers/STM32F1xx_HAL_Driver/Src/stm32f1xx_hal.o
 .debug_abbrev  0x0000000000000e40      0x2ed ./Drivers/STM32F1xx_HAL_Driver/Src/stm32f1xx_hal_cortex.o
 .debug_abbrev  0x000000000000112d      0x1bb ./Drivers/STM32F1xx_HAL_Driver/Src/stm32f1xx_hal_gpio.o
 .debug_abbrev  0x00000000000012e8      0x2a8 ./Drivers/STM32F1xx_HAL_Driver/Src/stm32f1xx_hal_rcc.o
 .debug_abbrev  0x0000000000001590      0x25d ./Drivers/STM32F1xx_HAL_Driver/Src/stm32f1xx_hal_tim.o
 .debug_abbrev  0x00000000000017ed      0x265 ./Drivers/STM32F1xx_HAL_Driver/Src/stm32f1xx_hal_tim_ex.o

.debug_aranges  0x0000000000000000      0xa40
 .debug_aranges
                0x0000000000000000       0x38 ./Core/Src/button.o
 .debug_aranges
                0x0000000000000038       0x48 ./Core/Src/display7SEG.o
 .debug_aranges
                0x0000000000000080       0x58 ./Core/Src/display_led.o
 .debug_aranges
                0x00000000000000d8       0x48 ./Core/Src/main.o
 .debug_aranges
                0x0000000000000120       0x38 ./Core/Src/setTimer.o
 .debug_aranges
                0x0000000000000158       0x30 ./Core/Src/stm32f1xx_hal_msp.o
 .debug_aranges
                0x0000000000000188       0x68 ./Core/Src/stm32f1xx_it.o
 .debug_aranges
                0x00000000000001f0       0x28 ./Core/Src/system_stm32f1xx.o
 .debug_aranges
                0x0000000000000218       0x28 ./Core/Startup/startup_stm32f103c6ux.o
 .debug_aranges
                0x0000000000000240       0xe0 ./Drivers/STM32F1xx_HAL_Driver/Src/stm32f1xx_hal.o
 .debug_aranges
                0x0000000000000320      0x100 ./Drivers/STM32F1xx_HAL_Driver/Src/stm32f1xx_hal_cortex.o
 .debug_aranges
                0x0000000000000420       0x58 ./Drivers/STM32F1xx_HAL_Driver/Src/stm32f1xx_hal_gpio.o
 .debug_aranges
                0x0000000000000478       0x90 ./Drivers/STM32F1xx_HAL_Driver/Src/stm32f1xx_hal_rcc.o
 .debug_aranges
                0x0000000000000508      0x3d0 ./Drivers/STM32F1xx_HAL_Driver/Src/stm32f1xx_hal_tim.o
 .debug_aranges
                0x00000000000008d8      0x168 ./Drivers/STM32F1xx_HAL_Driver/Src/stm32f1xx_hal_tim_ex.o

.debug_ranges   0x0000000000000000      0x958
 .debug_ranges  0x0000000000000000       0x28 ./Core/Src/button.o
 .debug_ranges  0x0000000000000028       0x38 ./Core/Src/display7SEG.o
 .debug_ranges  0x0000000000000060       0x48 ./Core/Src/display_led.o
 .debug_ranges  0x00000000000000a8       0x38 ./Core/Src/main.o
 .debug_ranges  0x00000000000000e0       0x28 ./Core/Src/setTimer.o
 .debug_ranges  0x0000000000000108       0x20 ./Core/Src/stm32f1xx_hal_msp.o
 .debug_ranges  0x0000000000000128       0x58 ./Core/Src/stm32f1xx_it.o
 .debug_ranges  0x0000000000000180       0x18 ./Core/Src/system_stm32f1xx.o
 .debug_ranges  0x0000000000000198       0x20 ./Core/Startup/startup_stm32f103c6ux.o
 .debug_ranges  0x00000000000001b8       0xd0 ./Drivers/STM32F1xx_HAL_Driver/Src/stm32f1xx_hal.o
 .debug_ranges  0x0000000000000288       0xf0 ./Drivers/STM32F1xx_HAL_Driver/Src/stm32f1xx_hal_cortex.o
 .debug_ranges  0x0000000000000378       0x48 ./Drivers/STM32F1xx_HAL_Driver/Src/stm32f1xx_hal_gpio.o
 .debug_ranges  0x00000000000003c0       0x80 ./Drivers/STM32F1xx_HAL_Driver/Src/stm32f1xx_hal_rcc.o
 .debug_ranges  0x0000000000000440      0x3c0 ./Drivers/STM32F1xx_HAL_Driver/Src/stm32f1xx_hal_tim.o
 .debug_ranges  0x0000000000000800      0x158 ./Drivers/STM32F1xx_HAL_Driver/Src/stm32f1xx_hal_tim_ex.o

.debug_macro    0x0000000000000000    0x17aa1
 .debug_macro   0x0000000000000000      0x31d ./Core/Src/button.o
 .debug_macro   0x000000000000031d      0xa6c ./Core/Src/button.o
 .debug_macro   0x0000000000000d89       0x22 ./Core/Src/button.o
 .debug_macro   0x0000000000000dab       0x4c ./Core/Src/button.o
 .debug_macro   0x0000000000000df7       0x18 ./Core/Src/button.o
 .debug_macro   0x0000000000000e0f       0x94 ./Core/Src/button.o
 .debug_macro   0x0000000000000ea3       0x3c ./Core/Src/button.o
 .debug_macro   0x0000000000000edf       0x34 ./Core/Src/button.o
 .debug_macro   0x0000000000000f13       0x16 ./Core/Src/button.o
 .debug_macro   0x0000000000000f29       0x57 ./Core/Src/button.o
 .debug_macro   0x0000000000000f80       0x97 ./Core/Src/button.o
 .debug_macro   0x0000000000001017      0x341 ./Core/Src/button.o
 .debug_macro   0x0000000000001358       0xfd ./Core/Src/button.o
 .debug_macro   0x0000000000001455       0x10 ./Core/Src/button.o
 .debug_macro   0x0000000000001465       0x16 ./Core/Src/button.o
 .debug_macro   0x000000000000147b       0x43 ./Core/Src/button.o
 .debug_macro   0x00000000000014be       0x34 ./Core/Src/button.o
 .debug_macro   0x00000000000014f2       0x10 ./Core/Src/button.o
 .debug_macro   0x0000000000001502       0x58 ./Core/Src/button.o
 .debug_macro   0x000000000000155a       0x71 ./Core/Src/button.o
 .debug_macro   0x00000000000015cb       0x1c ./Core/Src/button.o
 .debug_macro   0x00000000000015e7      0x12a ./Core/Src/button.o
 .debug_macro   0x0000000000001711       0x10 ./Core/Src/button.o
 .debug_macro   0x0000000000001721       0x6a ./Core/Src/button.o
 .debug_macro   0x000000000000178b       0x1c ./Core/Src/button.o
 .debug_macro   0x00000000000017a7       0x52 ./Core/Src/button.o
 .debug_macro   0x00000000000017f9       0x22 ./Core/Src/button.o
 .debug_macro   0x000000000000181b       0x10 ./Core/Src/button.o
 .debug_macro   0x000000000000182b       0x52 ./Core/Src/button.o
 .debug_macro   0x000000000000187d       0xd5 ./Core/Src/button.o
 .debug_macro   0x0000000000001952       0x1c ./Core/Src/button.o
 .debug_macro   0x000000000000196e       0x3d ./Core/Src/button.o
 .debug_macro   0x00000000000019ab       0x16 ./Core/Src/button.o
 .debug_macro   0x00000000000019c1      0x145 ./Core/Src/button.o
 .debug_macro   0x0000000000001b06      0x215 ./Core/Src/button.o
 .debug_macro   0x0000000000001d1b       0x2e ./Core/Src/button.o
 .debug_macro   0x0000000000001d49       0x22 ./Core/Src/button.o
 .debug_macro   0x0000000000001d6b      0x103 ./Core/Src/button.o
 .debug_macro   0x0000000000001e6e      0x1df ./Core/Src/button.o
 .debug_macro   0x000000000000204d       0x1c ./Core/Src/button.o
 .debug_macro   0x0000000000002069       0x22 ./Core/Src/button.o
 .debug_macro   0x000000000000208b       0xbd ./Core/Src/button.o
 .debug_macro   0x0000000000002148      0xd23 ./Core/Src/button.o
 .debug_macro   0x0000000000002e6b     0xde75 ./Core/Src/button.o
 .debug_macro   0x0000000000010ce0       0x6d ./Core/Src/button.o
 .debug_macro   0x0000000000010d4d     0x3468 ./Core/Src/button.o
 .debug_macro   0x00000000000141b5       0x56 ./Core/Src/button.o
 .debug_macro   0x000000000001420b      0x5be ./Core/Src/button.o
 .debug_macro   0x00000000000147c9      0x1b7 ./Core/Src/button.o
 .debug_macro   0x0000000000014980      0x1cb ./Core/Src/button.o
 .debug_macro   0x0000000000014b4b      0x114 ./Core/Src/button.o
 .debug_macro   0x0000000000014c5f      0x1b2 ./Core/Src/button.o
 .debug_macro   0x0000000000014e11       0x27 ./Core/Src/button.o
 .debug_macro   0x0000000000014e38      0x12f ./Core/Src/button.o
 .debug_macro   0x0000000000014f67      0x1bc ./Core/Src/button.o
 .debug_macro   0x0000000000015123       0x34 ./Core/Src/button.o
 .debug_macro   0x0000000000015157       0x3c ./Core/Src/button.o
 .debug_macro   0x0000000000015193       0x57 ./Core/Src/button.o
 .debug_macro   0x00000000000151ea       0x88 ./Core/Src/button.o
 .debug_macro   0x0000000000015272      0x183 ./Core/Src/button.o
 .debug_macro   0x00000000000153f5      0x141 ./Core/Src/button.o
 .debug_macro   0x0000000000015536      0x8d1 ./Core/Src/button.o
 .debug_macro   0x0000000000015e07       0x69 ./Core/Src/button.o
 .debug_macro   0x0000000000015e70       0x16 ./Core/Src/button.o
 .debug_macro   0x0000000000015e86       0x16 ./Core/Src/button.o
 .debug_macro   0x0000000000015e9c      0x327 ./Core/Src/display7SEG.o
 .debug_macro   0x00000000000161c3       0x8e ./Core/Src/display7SEG.o
 .debug_macro   0x0000000000016251       0x51 ./Core/Src/display7SEG.o
 .debug_macro   0x00000000000162a2      0x174 ./Core/Src/display7SEG.o
 .debug_macro   0x0000000000016416       0x5c ./Core/Src/display7SEG.o
 .debug_macro   0x0000000000016472       0x10 ./Core/Src/display7SEG.o
 .debug_macro   0x0000000000016482       0x52 ./Core/Src/display7SEG.o
 .debug_macro   0x00000000000164d4       0x35 ./Core/Src/display7SEG.o
 .debug_macro   0x0000000000016509      0x32c ./Core/Src/display_led.o
 .debug_macro   0x0000000000016835      0x33a ./Core/Src/main.o
 .debug_macro   0x0000000000016b6f       0x1a ./Core/Src/setTimer.o
 .debug_macro   0x0000000000016b89      0x1a2 ./Core/Src/stm32f1xx_hal_msp.o
 .debug_macro   0x0000000000016d2b      0x1ac ./Core/Src/stm32f1xx_it.o
 .debug_macro   0x0000000000016ed7      0x198 ./Core/Src/system_stm32f1xx.o
 .debug_macro   0x000000000001706f      0x1bc ./Drivers/STM32F1xx_HAL_Driver/Src/stm32f1xx_hal.o
 .debug_macro   0x000000000001722b      0x198 ./Drivers/STM32F1xx_HAL_Driver/Src/stm32f1xx_hal_cortex.o
 .debug_macro   0x00000000000173c3      0x203 ./Drivers/STM32F1xx_HAL_Driver/Src/stm32f1xx_hal_gpio.o
 .debug_macro   0x00000000000175c6      0x1aa ./Drivers/STM32F1xx_HAL_Driver/Src/stm32f1xx_hal_rcc.o
 .debug_macro   0x0000000000017770      0x199 ./Drivers/STM32F1xx_HAL_Driver/Src/stm32f1xx_hal_tim.o
 .debug_macro   0x0000000000017909      0x198 ./Drivers/STM32F1xx_HAL_Driver/Src/stm32f1xx_hal_tim_ex.o

.debug_line     0x0000000000000000     0xb084
 .debug_line    0x0000000000000000      0x93a ./Core/Src/button.o
 .debug_line    0x000000000000093a      0x948 ./Core/Src/display7SEG.o
 .debug_line    0x0000000000001282      0x98a ./Core/Src/display_led.o
 .debug_line    0x0000000000001c0c      0x989 ./Core/Src/main.o
 .debug_line    0x0000000000002595       0xf2 ./Core/Src/setTimer.o
 .debug_line    0x0000000000002687      0x692 ./Core/Src/stm32f1xx_hal_msp.o
 .debug_line    0x0000000000002d19      0x730 ./Core/Src/stm32f1xx_it.o
 .debug_line    0x0000000000003449      0x6d4 ./Core/Src/system_stm32f1xx.o
 .debug_line    0x0000000000003b1d       0x87 ./Core/Startup/startup_stm32f103c6ux.o
 .debug_line    0x0000000000003ba4      0x901 ./Drivers/STM32F1xx_HAL_Driver/Src/stm32f1xx_hal.o
 .debug_line    0x00000000000044a5      0xae9 ./Drivers/STM32F1xx_HAL_Driver/Src/stm32f1xx_hal_cortex.o
 .debug_line    0x0000000000004f8e      0x983 ./Drivers/STM32F1xx_HAL_Driver/Src/stm32f1xx_hal_gpio.o
 .debug_line    0x0000000000005911      0xd0f ./Drivers/STM32F1xx_HAL_Driver/Src/stm32f1xx_hal_rcc.o
 .debug_line    0x0000000000006620     0x326d ./Drivers/STM32F1xx_HAL_Driver/Src/stm32f1xx_hal_tim.o
 .debug_line    0x000000000000988d     0x17f7 ./Drivers/STM32F1xx_HAL_Driver/Src/stm32f1xx_hal_tim_ex.o

.debug_str      0x0000000000000000    0x85a31
 .debug_str     0x0000000000000000    0x82e2a ./Core/Src/button.o
                                      0x8318a (size before relaxing)
 .debug_str     0x0000000000082e2a       0xfd ./Core/Src/display7SEG.o
                                      0x83197 (size before relaxing)
 .debug_str     0x0000000000082f27       0xde ./Core/Src/display_led.o
                                      0x831e8 (size before relaxing)
 .debug_str     0x0000000000083005      0x79f ./Core/Src/main.o
                                      0x839a8 (size before relaxing)
 .debug_str     0x00000000000837a4       0x50 ./Core/Src/setTimer.o
                                       0x2d3e (size before relaxing)
 .debug_str     0x00000000000837f4      0x300 ./Core/Src/stm32f1xx_hal_msp.o
                                      0x7fb10 (size before relaxing)
 .debug_str     0x0000000000083af4       0xec ./Core/Src/stm32f1xx_it.o
                                      0x7f84b (size before relaxing)
 .debug_str     0x0000000000083be0       0x88 ./Core/Src/system_stm32f1xx.o
                                      0x7f370 (size before relaxing)
 .debug_str     0x0000000000083c68       0x36 ./Core/Startup/startup_stm32f103c6ux.o
                                         0x6e (size before relaxing)
 .debug_str     0x0000000000083c9e      0x38e ./Drivers/STM32F1xx_HAL_Driver/Src/stm32f1xx_hal.o
                                      0x7fa69 (size before relaxing)
 .debug_str     0x000000000008402c      0x294 ./Drivers/STM32F1xx_HAL_Driver/Src/stm32f1xx_hal_cortex.o
                                      0x7f9b5 (size before relaxing)
 .debug_str     0x00000000000842c0      0x2e5 ./Drivers/STM32F1xx_HAL_Driver/Src/stm32f1xx_hal_gpio.o
                                      0x7f6f6 (size before relaxing)
 .debug_str     0x00000000000845a5      0x229 ./Drivers/STM32F1xx_HAL_Driver/Src/stm32f1xx_hal_rcc.o
                                      0x7f79f (size before relaxing)
 .debug_str     0x00000000000847ce      0xdd0 ./Drivers/STM32F1xx_HAL_Driver/Src/stm32f1xx_hal_tim.o
                                      0x8078a (size before relaxing)
 .debug_str     0x000000000008559e      0x493 ./Drivers/STM32F1xx_HAL_Driver/Src/stm32f1xx_hal_tim_ex.o
                                      0x7ffa6 (size before relaxing)

.comment        0x0000000000000000       0x50
 .comment       0x0000000000000000       0x50 ./Core/Src/button.o
                                         0x51 (size before relaxing)
 .comment       0x0000000000000050       0x51 ./Core/Src/display7SEG.o
 .comment       0x0000000000000050       0x51 ./Core/Src/display_led.o
 .comment       0x0000000000000050       0x51 ./Core/Src/main.o
 .comment       0x0000000000000050       0x51 ./Core/Src/setTimer.o
 .comment       0x0000000000000050       0x51 ./Core/Src/stm32f1xx_hal_msp.o
 .comment       0x0000000000000050       0x51 ./Core/Src/stm32f1xx_it.o
 .comment       0x0000000000000050       0x51 ./Core/Src/system_stm32f1xx.o
 .comment       0x0000000000000050       0x51 ./Drivers/STM32F1xx_HAL_Driver/Src/stm32f1xx_hal.o
 .comment       0x0000000000000050       0x51 ./Drivers/STM32F1xx_HAL_Driver/Src/stm32f1xx_hal_cortex.o
 .comment       0x0000000000000050       0x51 ./Drivers/STM32F1xx_HAL_Driver/Src/stm32f1xx_hal_gpio.o
 .comment       0x0000000000000050       0x51 ./Drivers/STM32F1xx_HAL_Driver/Src/stm32f1xx_hal_rcc.o
 .comment       0x0000000000000050       0x51 ./Drivers/STM32F1xx_HAL_Driver/Src/stm32f1xx_hal_tim.o
 .comment       0x0000000000000050       0x51 ./Drivers/STM32F1xx_HAL_Driver/Src/stm32f1xx_hal_tim_ex.o

.debug_frame    0x0000000000000000     0x28e8
 .debug_frame   0x0000000000000000       0xa0 ./Core/Src/button.o
 .debug_frame   0x00000000000000a0       0xcc ./Core/Src/display7SEG.o
 .debug_frame   0x000000000000016c      0x108 ./Core/Src/display_led.o
 .debug_frame   0x0000000000000274       0xd4 ./Core/Src/main.o
 .debug_frame   0x0000000000000348       0xa8 ./Core/Src/setTimer.o
 .debug_frame   0x00000000000003f0       0x80 ./Core/Src/stm32f1xx_hal_msp.o
 .debug_frame   0x0000000000000470      0x120 ./Core/Src/stm32f1xx_it.o
 .debug_frame   0x0000000000000590       0x58 ./Core/Src/system_stm32f1xx.o
 .debug_frame   0x00000000000005e8      0x334 ./Drivers/STM32F1xx_HAL_Driver/Src/stm32f1xx_hal.o
 .debug_frame   0x000000000000091c      0x428 ./Drivers/STM32F1xx_HAL_Driver/Src/stm32f1xx_hal_cortex.o
 .debug_frame   0x0000000000000d44      0x14c ./Drivers/STM32F1xx_HAL_Driver/Src/stm32f1xx_hal_gpio.o
 .debug_frame   0x0000000000000e90      0x21c ./Drivers/STM32F1xx_HAL_Driver/Src/stm32f1xx_hal_rcc.o
 .debug_frame   0x00000000000010ac     0x11b8 ./Drivers/STM32F1xx_HAL_Driver/Src/stm32f1xx_hal_tim.o
 .debug_frame   0x0000000000002264      0x638 ./Drivers/STM32F1xx_HAL_Driver/Src/stm32f1xx_hal_tim_ex.o
 .debug_frame   0x000000000000289c       0x2c c:/st/stm32cubeide_1.7.0/stm32cubeide/plugins/com.st.stm32cube.ide.mcu.externaltools.gnu-tools-for-stm32.10.3-2021.10.win32_1.0.0.202111181127/tools/bin/../lib/gcc/arm-none-eabi/10.3.1/../../../../arm-none-eabi/lib/thumb/v7-m/nofp\libc_nano.a(lib_a-init.o)
 .debug_frame   0x00000000000028c8       0x20 c:/st/stm32cubeide_1.7.0/stm32cubeide/plugins/com.st.stm32cube.ide.mcu.externaltools.gnu-tools-for-stm32.10.3-2021.10.win32_1.0.0.202111181127/tools/bin/../lib/gcc/arm-none-eabi/10.3.1/../../../../arm-none-eabi/lib/thumb/v7-m/nofp\libc_nano.a(lib_a-memset.o)
